// Jest Snapshot v1, https://goo.gl/fbAQLP

exports[`posts.hbs should match the snapshot 1`] = `
"<div class=\\"card mt-5 mb-5\\">
  <img class=\\"card-img-top\\" src=\\"/img/logo.png\\" alt=\\"Blogpost\\">
  <div class=\\"card-body\\">
    <h3 class=\\"card-title\\"><a href=\\"/blogs/\\">Blogpost</a></h3>
    <p class=\\"card-text\\"><small class=\\"text-muted\\">unknown, 01.01.2000</small></p>
  </div>
</div>
"
`;
