// Jest Snapshot v1, https://goo.gl/fbAQLP

exports[`seminar.hbs should match the snapshot 1`] = `
"<div class=\\"card\\">
  <div class=\\"card-body\\">
    <a rel=\\"noopener\\" href=\\"http://www.die-lernwerkstatt.org/\\" target=\\"_blank\\">
      <h5 class=\\"card-title\\">Workshop</h5>
    </a>
    <p class=\\"card-text\\">This is a workshop</p>
  </div>
</div>
"
`;
