// Jest Snapshot v1, https://goo.gl/fbAQLP

exports[`member.hbs should match the snapshot 1`] = `
"<div class=\\"d-inline-block mr-3 pb-3\\" data-toggle=\\"collapse\\" data-target=\\"#max\\">
  <img src=img/logo.png alt=Max Muster class=\\"img-fluid rounded-circle\\" style=\\"height: 160px; width: 160px;\\">
  <p class=\\"lead\\">Max Muster</p>
</div>
<div id=\\"max\\" class=\\"collapse\\" data-parent=\\"#team\\">
  <div class=\\"card-body mt-n5 mb-2\\">
    Lorem ipsum.
  </div>
</div>
"
`;
