// Jest Snapshot v1, https://goo.gl/fbAQLP

exports[`title.hbs should match the snapshot 1`] = `
"<div class=\\"jumbotron\\">
  <div class=\\"row\\">
    <div class=\\"col-12 col-sm-7\\">
      <h1 class=\\"h4\\"></h1>
      <p></p>
    </div>
    <div class=\\"col-12 col-sm-5 align-self-center\\">
      <img src=\\"img/logo.png\\" class=\\"img rounded-circle float-right\\" alt=\\"Die Lernwerkstatt Logo\\" style=\\"max-width:20%; height:auto\\">
    </div>
  </div>
</div>
"
`;
