// Jest Snapshot v1, https://goo.gl/fbAQLP

exports[`member.hbs should match the snapshot 1`] = `
"<div class=\\"d-inline-block mr-3 pb-3 cursor-pointer\\" data-toggle=\\"collapse\\" data-target=\\"#max\\">
  <img src=img/logo.png alt=Max Muster class=\\"img-fluid rounded-circle\\" style=\\"height: 160px; width: 160px;\\">
  <p class=\\"lead text-center\\">Max Muster</p>
</div>
<div id=\\"max\\" class=\\"collapse position-absolute\\" data-parent=\\"#team\\">
  <div class=\\"card\\">
    <div class=\\"row no-gutters\\">
      <div class=\\"col-md-2\\">
        <img src=img/logo.png class=\\"card-img\\" alt=\\"Max Muster\\">
      </div>
      <div class=\\"col-md-10\\">
        <div class=\\"card-body\\">
          <h5 class=\\"card-title\\">Max Muster</h5>
          <p class=\\"card-text\\">Lorem ipsum.</p>
        </div>
      </div>
    </div>
  </div>
</div>
"
`;
