// Jest Snapshot v1, https://goo.gl/fbAQLP

exports[`header.hbs should match the snapshot 1`] = `
"<header>
  <nav class=\\"navbar fixed-top navbar-expand-lg navbar-light bg-primary\\">
    <div class=\\"container\\">
      <a class=\\"navbar-brand header-logo\\" href=\\"/\\">
        <img height=\\"24\\" alt=\\"Logo\\" src=\\"/img/navbar_logo.png\\" />Die Lernwerkstatt
      </a>
      <button class=\\"navbar-toggler\\" type=\\"button\\" data-toggle=\\"collapse\\" data-target=\\"#navbar\\" aria-controls=\\"navbar\\"
        aria-expanded=\\"false\\" aria-label=\\"Toggle navigation\\">
        <span class=\\"navbar-toggler-icon\\"></span>
      </button>
      <div class=\\"collapse navbar-collapse\\" id=\\"navbar\\">
        <ul class=\\"navbar-nav mr-auto\\">
          <li class=\\"nav-item\\">
            <a class=\\"nav-link text-light\\" href=\\"/values\\">Unsere Werte</a>
          </li>
          <li class=\\"nav-item\\">
            <a class=\\"nav-link text-light\\" href=\\"/projects\\">Projekte</a>
          </li>
          <li class=\\"nav-item\\">
            <a href=\\"/blogs\\" class=\\"nav-link text-light\\">Blog</a>
          </li>
          <li class=\\"nav-item\\">
            <a class=\\"nav-link text-light\\" href=\\"/team\\">Menschen</a>
          </li>
          <li class=\\"nav-item\\">
            <a class=\\"nav-link text-light\\" href=\\"/gallery\\">Galerie</a>
          </li>
        </ul>
        <form class=\\"form-inline my-2 my-lg-0\\" action=\\"https://duckduckgo.com/\\" target=\\"_blank\\">
          <div class=\\"form-group\\">
            <div class=\\"input-group\\">
              <input type=\\"search\\" class=\\"form-control mr-sm-2\\" placeholder=\\"Suche\\" name=\\"q\\">
              <input type=\\"hidden\\" value=\\"https://die-lernwerkstatt.org\\" name=\\"sites\\">
              <input type=\\"hidden\\" value=\\"1\\" name=\\"kh\\">
              <input type=\\"hidden\\" value=\\"1\\" name=\\"kn\\">
              <input type=\\"hidden\\" value=\\"1\\" name=\\"kac\\">
              <span class=\\"input-group-btn\\">
                <button class=\\"btn btn-secondary\\" type=\\"submit\\">
                  <i class=\\"fa fa-search\\" aria-hidden=\\"true\\"></i>
                </button>
              </span>
            </div>
          </div>
        </form>
      </div>
    </div>
  </nav>
</header>
"
`;
