// Jest Snapshot v1, https://goo.gl/fbAQLP

exports[`posts.hbs should match the snapshot 1`] = `
"<hr>
<img src=\\"/img/logo.png\\" alt=\\"Blogpost\\" class=\\"img-blog\\">
<a href=\\"/singlepost?id=\\">
  <h3>Blogpost</h3>
</a>
<br>
<p>Lorem ipsum dolor sit amet consectetur adipisicing elit. Veritatis ea consequatur quibusdam sint laboriosam voluptates.</p>
<p>01.01.2000 - unknown</p>
"
`;
