// Jest Snapshot v1, https://goo.gl/fbAQLP

exports[`card.hbs should match the snapshot 1`] = `
"<div class=\\"card easy\\">
  <div class=\\"card-body\\">
    <h3 class=\\"card-title\\">Aktuelles</h3>
    <p class=\\"card-text\\">
      Lorem ipsum dolor sit amet consectetur adipisicing elit. Veritatis ea consequatur quibusdam sint laboriosam voluptates.
    </p>
  </div>
</div>
"
`;
