// Jest Snapshot v1, https://goo.gl/fbAQLP

exports[`modal.hbs should match the snapshot 1`] = `
"<div class=\\"modal fade\\" id=\\"\\" tabindex=\\"-1\\" role=\\"dialog\\" aria-hidden=\\"true\\">
  <div class=\\"modal-dialog\\" role=\\"document\\">
    <div class=\\"modal-content\\">
      <div class=\\"modal-header\\">
        <div>
          <button type=\\"button\\" class=\\"close mt-n4 d-sm-none\\" data-dismiss=\\"modal\\" aria-label=\\"i18n\\">
            <span aria-hidden=\\"true\\">&times;</span>
          </button>
          <a href=\\"\\" target=\\"_blank\\" rel=\\"noopener\\">
            <img class=\\"lazyload mw-100 pt-2\\" loading=\\"lazy\\" data-src=\\"\\" alt=\\"\\" />
          </a>
        </div>
      </div>
      <div class=\\"modal-body text-dark\\">
        <p class=\\"h3 mb-3\\">
          
        </p>
        <p>
           i18n
        </p>
        <p>
          
        </p>
      </div>
      <div class=\\"modal-footer\\">
        <a class=\\"btn btn-secondary buttonlink\\" href=\\"\\" target=\\"_blank\\" rel=\\"noopener\\">
          i18n
        </a>
        <button type=\\"button\\" class=\\"btn btn-secondary\\" data-dismiss=\\"modal\\">i18n</button>
      </div>
    </div>
  </div>
</div>

<script>
  if ('loading' in HTMLImageElement.prototype) {
    const images = document.querySelectorAll(\\"img.lazyload\\");
    images.forEach(img => {
      img.src = img.dataset.src;
    });
  } else {
    let script = document.createElement(\\"script\\");
    script.async = true;
    script.src =
      \\"https://cdnjs.cloudflare.com/ajax/libs/lazysizes/4.1.8/lazysizes.min.js\\";
    document.body.appendChild(script);
  }
</script>
"
`;
