// Jest Snapshot v1, https://goo.gl/fbAQLP

exports[`modal.hbs should match the snapshot 1`] = `
"<div class=\\"modal fade\\" id=\\"name\\" tabindex=\\"-1\\" role=\\"dialog\\" aria-labelledby=\\"\\" aria-hidden=\\"true\\">
  <div class=\\"modal-dialog\\" role=\\"document\\">
    <div class=\\"modal-content\\">
      <div class=\\"modal-header\\">
        <h5 class=\\"modal-title text-primary\\" id=\\"\\">
          
        </h5>
      </div>
      <div class=\\"modal-body text-primary\\">
        <p>
           - 
        </p>
        <a href=\\"\\" target=\\"_blank\\">
          Hier geht es zum Facebook Event
        </a>
      </div>
      <div class=\\"modal-footer\\">
        <button type=\\"button\\" class=\\"btn btn-secondary\\" data-dismiss=\\"modal\\">Close</button>
      </div>
    </div>
  </div>
</div>
"
`;
